.next/types/app/guide/page.ts(2,24): error TS2307: Cannot find module '../../../../src/app/guide/page.js' or its corresponding type declarations.
.next/types/app/guide/page.ts(5,29): error TS2307: Cannot find module '../../../../src/app/guide/page.js' or its corresponding type declarations.
