src/ai/flows/generate-quiz.ts(10,49): error TS2304: Cannot find name 'AIProvider'.
src/ai/flows/generate-quiz.ts(23,61): error TS2339: Property 'includes' does not exist on type '{}'.
src/ai/flows/generate-quiz.ts(23,108): error TS2339: Property 'includes' does not exist on type '{}'.
src/ai/flows/generate-quiz.ts(30,41): error TS18046: 'topic' is of type 'unknown'.
src/ai/flows/regenerate-quiz.ts(12,49): error TS2304: Cannot find name 'AIProvider'.
src/ai/flows/regenerate-quiz.ts(45,74): error TS18046: 'weakAreas' is of type 'unknown'.
src/ai/flows/regenerate-quiz.ts(46,87): error TS2339: Property 'join' does not exist on type '{}'.
src/ai/flows/regenerate-quiz.ts(47,75): error TS2339: Property 'join' does not exist on type '{}'.
src/ai/flows/regenerate-quiz.ts(54,35): error TS18046: 'weakAreas' is of type 'unknown'.
src/app/canvas/page.tsx(1224,9): error TS2322: Type '"quiz" | "chat" | "brainstorm"' is not assignable to type '"quiz" | "chat" | undefined'.
  Type '"brainstorm"' is not assignable to type '"quiz" | "chat" | undefined'.
src/app/page.tsx(524,26): error TS2339: Property 'content' does not exist on type '{ name: string; type: string; }'.
src/components/canvas/SearchReferencesPanel.tsx(110,18): error TS18048: 'sources' is possibly 'undefined'.
src/components/chat-panel.tsx(197,10): error TS2451: Cannot redeclare block-scoped variable 'copiedIndex'.
src/components/chat-panel.tsx(197,23): error TS2451: Cannot redeclare block-scoped variable 'setCopiedIndex'.
src/components/chat-panel.tsx(198,10): error TS2451: Cannot redeclare block-scoped variable 'copiedIndex'.
src/components/chat-panel.tsx(198,23): error TS2451: Cannot redeclare block-scoped variable 'setCopiedIndex'.
src/components/mind-map.tsx(1210,8): error TS2741: Property 'isRegenerating' is missing in type '{ languageUI: string; onLanguageChange: (newLang: string) => void; isTranslating: boolean; isAllExpanded: boolean; onToggleExpandAll: () => void; isCopied: boolean; onCopyPath: () => Promise<void>; ... 22 more ...; status: MindMapStatus; }' but required in type 'MindMapToolbarProps'.
src/components/mind-map.tsx(1399,101): error TS2339: Property 'thumbnailUrl' does not exist on type 'NestedExpansionItem'.
src/components/mind-map.tsx(1497,35): error TS2345: Argument of type '(prev: NestedExpansionItem[]) => (NestedExpansionItem | { thumbnailUrl: any; fullData: { thumbnailUrl: any; } | { thumbnailUrl: any; mode: "single"; ... 27 more ...; parentMapId?: string | undefined; } | { ...; }; ... 8 more ...; status?: "generating" | ... 2 more ... | undefined; })[]' is not assignable to parameter of type 'SetStateAction<NestedExpansionItem[]>'.
  Type '(prev: NestedExpansionItem[]) => (NestedExpansionItem | { thumbnailUrl: any; fullData: { thumbnailUrl: any; } | { thumbnailUrl: any; mode: "single"; ... 27 more ...; parentMapId?: string | undefined; } | { ...; }; ... 8 more ...; status?: "generating" | ... 2 more ... | undefined; })[]' is not assignable to type '(prevState: NestedExpansionItem[]) => NestedExpansionItem[]'.
    Type '(NestedExpansionItem | { thumbnailUrl: any; fullData: { thumbnailUrl: any; } | { thumbnailUrl: any; mode: "single"; id?: string | undefined; topic: string; thought?: string | undefined; ... 24 more ...; parentMapId?: string | undefined; } | { ...; }; ... 8 more ...; status?: "generating" | ... 2 more ... | undefined...' is not assignable to type 'NestedExpansionItem[]'.
      Type 'NestedExpansionItem | { thumbnailUrl: any; fullData: { thumbnailUrl: any; } | { thumbnailUrl: any; mode: "single"; id?: string | undefined; topic: string; thought?: string | undefined; ... 24 more ...; parentMapId?: string | undefined; } | { ...; }; ... 8 more ...; status?: "generating" | ... 2 more ... | undefined; }' is not assignable to type 'NestedExpansionItem'.
        Type '{ thumbnailUrl: any; fullData: { thumbnailUrl: any; } | { thumbnailUrl: any; mode: "single"; id?: string; topic: string; thought?: string; shortTitle?: string; icon?: string; uid?: string; userId?: string; ... 20 more ...; parentMapId?: string; } | { ...; }; ... 8 more ...; status?: "generating" | "completed" | "fai...' is not assignable to type 'NestedExpansionItem'.
          Types of property 'fullData' are incompatible.
            Type '{ thumbnailUrl: any; } | { thumbnailUrl: any; mode: "single"; id?: string | undefined; topic: string; thought?: string | undefined; shortTitle?: string | undefined; icon?: string | undefined; ... 22 more ...; parentMapId?: string | undefined; } | { ...; }' is not assignable to type 'MindMapData | undefined'.
              Type '{ thumbnailUrl: any; }' is not assignable to type 'MindMapData | undefined'.
                Type '{ thumbnailUrl: any; }' is missing the following properties from type 'CompareMindMapData': mode, compareData, topic
src/components/mind-map/compare-view.tsx(572,33): error TS2304: Cannot find name 'onSubCategoryClick'.
src/components/nested-expansion.tsx(16,15): error TS2724: '"@/ai/mind-map-schema"' has no exported member named 'NestedExpansionOutput'. Did you mean 'NestedExpansionOutputSchema'?
usr/src/app/src/ai/flows/expand-mind-map.ts(8,20): error TS2307: Cannot find module '@/ai/genkit' or its corresponding type declarations.
usr/src/app/src/ai/flows/expand-mind-map.ts(56,12): error TS7031: Binding element 'mindMap' implicitly has an 'any' type.
usr/src/app/src/ai/genkit.ts(2,24): error TS2307: Cannot find module 'genkit' or its corresponding type declarations.
usr/src/app/src/ai/genkit.ts(3,26): error TS2307: Cannot find module '@genkit-ai/google-genai' or its corresponding type declarations.
usr/src/app/src/app/api/generate-image/route.ts(6,20): error TS2307: Cannot find module '@/ai/genkit' or its corresponding type declarations.
