
> mindscape@0.1.0 typecheck
> tsc --noEmit

src/ai/flows/regenerate-quiz.ts(12,49): error TS2304: Cannot find name 'AIProvider'.
src/ai/flows/regenerate-quiz.ts(45,74): error TS18046: 'weakAreas' is of type 'unknown'.
src/ai/flows/regenerate-quiz.ts(46,87): error TS2339: Property 'join' does not exist on type '{}'.
src/ai/flows/regenerate-quiz.ts(47,75): error TS2339: Property 'join' does not exist on type '{}'.
src/ai/flows/regenerate-quiz.ts(54,35): error TS18046: 'weakAreas' is of type 'unknown'.
src/app/canvas/page.tsx(347,15): error TS2353: Object literal may only specify known properties, and 'strict' does not exist in type '{ apiKey?: string | undefined; provider?: "pollinations" | undefined; userId?: string | undefined; model?: string | undefined; }'.
src/app/canvas/page.tsx(363,15): error TS2353: Object literal may only specify known properties, and 'strict' does not exist in type '{ apiKey?: string | undefined; provider?: "pollinations" | undefined; model?: string | undefined; userId?: string | undefined; }'.
src/app/canvas/page.tsx(388,19): error TS2353: Object literal may only specify known properties, and 'model' does not exist in type '{ apiKey?: string | undefined; provider?: "pollinations" | undefined; userId?: string | undefined; }'.
src/app/canvas/page.tsx(403,19): error TS2353: Object literal may only specify known properties, and 'model' does not exist in type '{ apiKey?: string | undefined; provider?: "pollinations" | undefined; }'.
src/app/page.tsx(524,26): error TS2339: Property 'content' does not exist on type '{ name: string; type: string; }'.
src/components/canvas/SearchReferencesPanel.tsx(110,18): error TS18048: 'sources' is possibly 'undefined'.
src/components/mind-map/compare-view.tsx(560,33): error TS2304: Cannot find name 'onSubCategoryClick'.
src/components/nested-expansion.tsx(16,15): error TS2724: '"@/ai/mind-map-schema"' has no exported member named 'NestedExpansionOutput'. Did you mean 'NestedExpansionOutputSchema'?
usr/src/app/src/ai/flows/expand-mind-map.ts(8,20): error TS2307: Cannot find module '@/ai/genkit' or its corresponding type declarations.
usr/src/app/src/ai/flows/expand-mind-map.ts(56,12): error TS7031: Binding element 'mindMap' implicitly has an 'any' type.
usr/src/app/src/ai/genkit.ts(2,24): error TS2307: Cannot find module 'genkit' or its corresponding type declarations.
usr/src/app/src/ai/genkit.ts(3,26): error TS2307: Cannot find module '@genkit-ai/google-genai' or its corresponding type declarations.
usr/src/app/src/app/api/generate-image/route.ts(6,20): error TS2307: Cannot find module '@/ai/genkit' or its corresponding type declarations.
